• turbo 2.9.14

   • Packages in scope: @helios/app
   • Running generate in 1 packages
   • Remote caching disabled, using shared worktree cache

@helios/app:generate: cache bypass, force executing 1c23f29a9fc6df64
@helios/app:generate: ◇ injected env (96) from .env // tip: ⌘ custom filepath { path: '/custom/path/.env' }
@helios/app:generate: ╔═══════════════════════╗
@helios/app:generate: ║  🧩 Helios CLI  ║
@helios/app:generate: ╚═══════════════════════╝
@helios/app:generate: 
@helios/app:generate: 🚀 Running generate:all 
@helios/app:generate: Running all generators...
@helios/app:generate: Generated .helios/generated/module-package-sources.css
@helios/app:generate: [OpenAPI] Found 358 API route files
@helios/app:generate: [OpenAPI] Bundle approach: 358 paths, 265 with requestBody schemas
@helios/app:generate: [OpenAPI] Skipped (unchanged): /home/pkarw/Projects/helios-development/.ai/tmp/auto-continue-pr/pr-2055-20260525-104412/apps/helios/.helios/generated/openapi.generated.json
@helios/app:generate: [generate] Purging structural cache for all tenants...
@helios/app:generate: [41m[97m━━━━━━━━━━━━━━━━━━━━━━━━━━━━━━━━━━━━━━━━━━━━━━━━━━━━━━━━━━━━━━━━━━━━━━━━━━━━━━━━━━━━━━━━━━━━━━━━━━━━━━━━━━━━━━[0m
@helios/app:generate: [41m[97m 🚨 Using derived tenant encryption keys (Vault unavailable / no DEK)                                         [0m
@helios/app:generate: [41m[97m Source: TENANT_DATA_ENCRYPTION_FALLBACK_KEY                                                                  [0m
@helios/app:generate: [41m[97m Secret: dev-tenant-encryption-fallback-key-32chars                                                           [0m
@helios/app:generate: [41m[97m Persist this secret securely. Without it, encrypted tenant data cannot be recovered after restart.           [0m
@helios/app:generate: [41m[97m━━━━━━━━━━━━━━━━━━━━━━━━━━━━━━━━━━━━━━━━━━━━━━━━━━━━━━━━━━━━━━━━━━━━━━━━━━━━━━━━━━━━━━━━━━━━━━━━━━━━━━━━━━━━━━[0m
@helios/app:generate: [generate] Skipping structural cache purge: PostgreSQL at localhost:5432/helios is not reachable: it refused the connection. This command needs PostgreSQL. Start the database service or fix DATABASE_URL in .env, then retry `yarn helios configs cache`.
@helios/app:generate: All generators completed.
@helios/app:generate: ⏱️ Done in 10715ms

 Tasks:    1 successful, 1 total
Cached:    0 cached, 1 total
  Time:    12.144s 

